Microsoft Windows [versão 10.0.19045.5247]
(c) Microsoft Corporation. Todos os direitos reservados.

C:\Users\fatec>git init
Initialized empty Git repository in C:/Users/fatec/.git/

C:\Users\fatec>git config --global uer.name "Andrew Gabriel Godoy Trindade de Carvalho"

C:\Users\fatec>git config --global uer.email andrew.carvalho@fatec.sp.gov.br

C:\Users\fatec> cd \

C:\>cd projetosDW
O sistema não pode encontrar o caminho especificado.

C:\>cd projetosDW
O sistema não pode encontrar o caminho especificado.

C:\>cd projetosDW
O sistema não pode encontrar o caminho especificado.

C:\>cd ProjetosDW
O sistema não pode encontrar o caminho especificado.

C:\> CD
C:\

C:\>cd
C:\

C:\> dir
 O volume na unidade C não tem nome.
 O Número de Série do Volume é F23E-B4A8

 Pasta de C:\

07/03/2022  11:59    <DIR>          android
01/02/2024  13:21    <DIR>          Autodesk
08/11/2024  15:09    <DIR>          c24c8abbfa3b65ba383db0
24/02/2022  16:12    <DIR>          cmder
19/02/2025  10:56    <DIR>          data
27/09/2021  15:59    <DIR>          Freeship 3.5
19/07/2024  13:22    <DIR>          Intel
02/12/2021  10:20    <DIR>          ISO
14/10/2024  21:40    <DIR>          Logística
01/02/2024  10:34    <DIR>          npm
07/12/2019  06:14    <DIR>          PerfLogs
01/11/2024  20:21    <DIR>          Program Files
29/10/2024  19:28    <DIR>          Program Files (x86)
20/02/2025  10:06    <DIR>          projetos
01/02/2024  15:56    <DIR>          Projetos Android
26/02/2025  20:20    <DIR>          Users
20/07/2020  10:07    <DIR>          visualg3.0.7
10/02/2025  08:47    <DIR>          Windows
19/07/2024  15:07    <DIR>          xampp
               0 arquivo(s)              0 bytes
              19 pasta(s)   203.917.832.192 bytes disponíveis

C:\> mkdir projetosDW

C:\>cd projetosDW

C:\projetosDW>git clone https://github.com/Andrew-Godoy-Carvalho/utilizando-git
Cloning into 'utilizando-git'...
remote: Enumerating objects: 12, done.
remote: Counting objects: 100% (12/12), done.
remote: Compressing objects: 100% (5/5), done.
remote: Total 12 (delta 4), reused 8 (delta 3), pack-reused 0 (from 0)
Receiving objects: 100% (12/12), done.
Resolving deltas: 100% (4/4), done.

C:\projetosDW> cd .\utilizando-git\

C:\projetosDW\utilizando-git>git status
On branch main
Your branch is up to date with 'origin/main'.

nothing to commit, working tree clean

C:\projetosDW\utilizando-git>cd ..

C:\projetosDW>mkdir aulasDW

C:\projetosDW>git pull
fatal: detected dubious ownership in repository at 'C:/'
'C:/' is owned by:
        'S-1-5-80-956008885-3418522649-1831038044-1853292631-2271478464'
but the current user is:
        'S-1-5-21-3815699183-1787075391-2745144887-18075'
To add an exception for this directory, call:

        git config --global --add safe.directory C:/

C:\projetosDW>mkdir aulasDW
Já existe uma subpasta ou um arquivo aulasDW.

C:\projetosDW>git clone https://github.com/Andrew-Godoy-Carvalho/AulasDW.git
Cloning into 'AulasDW'...
remote: Enumerating objects: 3, done.
remote: Counting objects: 100% (3/3), done.
remote: Total 3 (delta 0), reused 3 (delta 0), pack-reused 0 (from 0)
Receiving objects: 100% (3/3), done.

C:\projetosDW>mkdir aulasDW
Já existe uma subpasta ou um arquivo aulasDW.

C:\projetosDW>cd .\aulasDW\

C:\projetosDW\aulasDW>git init
Reinitialized existing Git repository in C:/projetosDW/aulasDW/.git/

C:\projetosDW\aulasDW>code .\inicio.txt

C:\projetosDW\aulasDW>git status
On branch main
Your branch is up to date with 'origin/main'.

Untracked files:
  (use "git add <file>..." to include in what will be committed)
        inicio.txt

nothing added to commit but untracked files present (use "git add" to track)

C:\projetosDW\aulasDW>git add .

C:\projetosDW\aulasDW>git commit -m "Primeiro Commit"
[main 32dfb2a] Primeiro Commit
 1 file changed, 1 insertion(+)
 create mode 100644 inicio.txt

C:\projetosDW\aulasDW>git status
On branch main
Your branch is ahead of 'origin/main' by 1 commit.
  (use "git push" to publish your local commits)

nothing to commit, working tree clean

C:\projetosDW\aulasDW>git branch -m master main
fatal: no branch named 'master'

C:\projetosDW\aulasDW>git branch
* main

C:\projetosDW\aulasDW>git status
On branch main
Your branch is ahead of 'origin/main' by 1 commit.
  (use "git push" to publish your local commits)

nothing to commit, working tree clean

C:\projetosDW\aulasDW>explorer

C:\projetosDW\aulasDW>add .
'add' não é reconhecido como um comando interno
ou externo, um programa operável ou um arquivo em lotes.

C:\projetosDW\aulasDW>git add .

C:\projetosDW\aulasDW>git commit -m "quero enviar no commit- basico html"
On branch main
Your branch is ahead of 'origin/main' by 1 commit.
  (use "git push" to publish your local commits)

nothing to commit, working tree clean

C:\projetosDW\aulasDW>git push
remote: Permission to Andrew-Godoy-Carvalho/AulasDW.git denied to Aquiles-Pedro-Sanches.
fatal: unable to access 'https://github.com/Andrew-Godoy-Carvalho/AulasDW.git/': The requested URL returned error: 403

C:\projetosDW\aulasDW>git add .

C:\projetosDW\aulasDW>git commit -m "html basico"
On branch main
Your branch is ahead of 'origin/main' by 1 commit.
  (use "git push" to publish your local commits)

nothing to commit, working tree clean

C:\projetosDW\aulasDW>https://github.com/Andrew-Godoy-Carvalho/Andrew-Godoy-Carvalho
'https:' não é reconhecido como um comando interno
ou externo, um programa operável ou um arquivo em lotes.

C:\projetosDW\aulasDW>git